---
source: src/test.rs
expression: output

---
==INPUT==


export const App = () => {
    const Header = qComponent({
        "onMount": qHook(() => { console.log("mount") }),
        onRender: qHook(() => {
            return (
            <div onClick={qHook((ctx) => console.log(ctx))}/>
            );
        })
    });
    return Header;
});
    
============================= test.tsx ==

export const App = ()=>{
    const Header = /*#__PURE__*/ qComponent({
        "onMount": qHook(()=>import("./h_test_App_Header_onMount")
        , "App_Header_onMount"),
        onRender: qHook(()=>import("./h_test_App_Header_onRender")
        , "App_Header_onRender")
    });
    return Header;
};

============================= h_test_App_Header_onMount.tsx (ENTRY POINT)==

export const App_Header_onMount = /*#__PURE__*/ qHook(()=>{
    console.log("mount");
});

============================= h_test_App_Header_onRender_div_onClick.tsx (ENTRY POINT)==

export const App_Header_onRender_div_onClick = /*#__PURE__*/ qHook((ctx)=>console.log(ctx)
);

============================= h_test_App_Header_onRender.tsx (ENTRY POINT)==

export const App_Header_onRender = /*#__PURE__*/ qHook(()=>{
    return (<div onClick={qHook(()=>import("./h_test_App_Header_onRender_div_onClick")
    , "App_Header_onRender_div_onClick")}/>);
});

== HOOKS ==

[
  {
    "origin": "test.tsx",
    "name": "App_Header_onMount",
    "entry": null,
    "canonicalFilename": "h_test_App_Header_onMount",
    "localDecl": [],
    "localIdents": [
      "console",
      "log",
      "qHook"
    ]
  },
  {
    "origin": "test.tsx",
    "name": "App_Header_onRender_div_onClick",
    "entry": null,
    "canonicalFilename": "h_test_App_Header_onRender_div_onClick",
    "localDecl": [
      "ctx"
    ],
    "localIdents": [
      "console",
      "ctx",
      "log",
      "qHook"
    ]
  },
  {
    "origin": "test.tsx",
    "name": "App_Header_onRender",
    "entry": null,
    "canonicalFilename": "h_test_App_Header_onRender",
    "localDecl": [],
    "localIdents": [
      "div",
      "import",
      "onClick",
      "qHook"
    ]
  }
]

== DIAGNOSTICS ==

[]
