---
source: src/test.rs
expression: output

---
==INPUT==


export const Header = qComponent({
  "onMount": qHook(() => { console.log("mount") }),
  onRender: qHook(() => {
    return (
      <div onClick={qHook((ctx) => console.log(ctx))}/>
    );
  })
});
    
============================= test.tsx ==

export const Header = /*#__PURE__*/ qComponent({
    "onMount": qHook(()=>import("./h_test_Header_onMount")
    , "Header_onMount"),
    onRender: qHook(()=>import("./h_test_Header_onRender")
    , "Header_onRender")
});

============================= h_test_Header_onMount.tsx (ENTRY POINT)==

export const Header_onMount = /*#__PURE__*/ qHook(()=>{
    console.log("mount");
});

============================= h_test_Header_onRender_div_onClick.tsx (ENTRY POINT)==

export const Header_onRender_div_onClick = /*#__PURE__*/ qHook((ctx)=>console.log(ctx)
);

============================= h_test_Header_onRender.tsx (ENTRY POINT)==

export const Header_onRender = /*#__PURE__*/ qHook(()=>{
    return (<div onClick={qHook(()=>import("./h_test_Header_onRender_div_onClick")
    , "Header_onRender_div_onClick")}/>);
});

== HOOKS ==

[
  {
    "origin": "test.tsx",
    "name": "Header_onMount",
    "entry": null,
    "canonicalFilename": "h_test_Header_onMount",
    "localDecl": [],
    "localIdents": [
      "console",
      "log",
      "qHook"
    ]
  },
  {
    "origin": "test.tsx",
    "name": "Header_onRender_div_onClick",
    "entry": null,
    "canonicalFilename": "h_test_Header_onRender_div_onClick",
    "localDecl": [
      "ctx"
    ],
    "localIdents": [
      "console",
      "ctx",
      "log",
      "qHook"
    ]
  },
  {
    "origin": "test.tsx",
    "name": "Header_onRender",
    "entry": null,
    "canonicalFilename": "h_test_Header_onRender",
    "localDecl": [],
    "localIdents": [
      "div",
      "import",
      "onClick",
      "qHook"
    ]
  }
]

== DIAGNOSTICS ==

[]
